==================================================================
R&E Roofing Website - Comprehensive Test Report
Test Date: Sat Oct  4 19:02:50 EDT 2025
==================================================================

==================================================================
1. HOMEPAGE TESTING
==================================================================
[0;32m✓[0m PASS: Homepage (HTTP 200)
[0;32m✓[0m PASS: Homepage contains company name
[0;32m✓[0m PASS: Homepage contains phone number
[0;32m✓[0m PASS: Homepage contains contact modal
[0;32m✓[0m PASS: Homepage contains mobile menu
[0;31m✗[0m FAIL: Homepage contains schema markup
[0;32m✓[0m PASS: Homepage has navigation
[0;32m✓[0m PASS: Homepage has footer

==================================================================
2. CORE PAGES TESTING
==================================================================
[0;32m✓[0m PASS: About Page (HTTP 200)
[0;32m✓[0m PASS: Services Page (HTTP 200)
[0;32m✓[0m PASS: Calculator Page (HTTP 200)
[0;32m✓[0m PASS: FAQ Page (HTTP 200)
[0;32m✓[0m PASS: Quote Page (HTTP 200)
[0;32m✓[0m PASS: Reviews Page (HTTP 200)
[0;32m✓[0m PASS: Blog Page (HTTP 200)
[0;32m✓[0m PASS: Privacy Policy Page (HTTP 200)
[0;32m✓[0m PASS: Terms of Service Page (HTTP 200)

==================================================================
3. TOWN PAGES TESTING
==================================================================
[0;32m✓[0m PASS: Newark Town Page (HTTP 200)
[0;32m✓[0m PASS: Bloomfield Town Page (HTTP 200)
[0;32m✓[0m PASS: Montclair Town Page (HTTP 200)
[0;32m✓[0m PASS: East Orange Town Page (HTTP 200)
[0;32m✓[0m PASS: Irvington Town Page (HTTP 200)
[0;32m✓[0m PASS: Newark page contains town name
[0;32m✓[0m PASS: Newark page has contact modal

==================================================================
4. SERVICE×LOCATION PAGES TESTING
==================================================================
[0;32m✓[0m PASS: Roof Repair Newark (HTTP 200)
[0;32m✓[0m PASS: Roof Replacement Newark (HTTP 200)
[0;32m✓[0m PASS: Gutter Installation Bloomfield (HTTP 200)
[0;32m✓[0m PASS: Asphalt Shingle Montclair (HTTP 200)
[0;32m✓[0m PASS: Metal Roofing East Orange (HTTP 200)
[0;32m✓[0m PASS: Service page contains service name
[0;32m✓[0m PASS: Service page contains town name

==================================================================
5. ASSET LOADING TESTING
==================================================================
[0;32m✓[0m PASS: Main CSS file (HTTP 200)
[0;32m✓[0m PASS: Main JS file (HTTP 200)

==================================================================
6. LINK INTEGRITY TESTING
==================================================================
[0;32m✓[0m PASS: No broken links in Homepage
[1;33m⚠[0m WARNING: 2 broken link(s) in Services Page
[1;33m⚠[0m WARNING: 29 broken link(s) in Newark Town Page

==================================================================
7. MOBILE RESPONSIVENESS CHECK
==================================================================
[0;32m✓[0m PASS: Homepage has viewport meta tag
[0;32m✓[0m PASS: Homepage has mobile menu toggle
[0;31m✗[0m FAIL: CSS contains media queries

==================================================================
8. SEO & SCHEMA VALIDATION
==================================================================
[0;32m✓[0m PASS: Homepage has title tag
[0;32m✓[0m PASS: Homepage has meta description
[0;32m✓[0m PASS: Homepage has canonical URL
[0;32m✓[0m PASS: Homepage has RoofingContractor schema
[0;32m✓[0m PASS: Homepage schema includes areaServed
[0;32m✓[0m PASS: Sitemap XML (HTTP 200)
[0;32m✓[0m PASS: Robots.txt (HTTP 200)

==================================================================
TEST SUMMARY
==================================================================

Total Pages Tested: 24
Total Tests Run: 46
[0;32mTests Passed: 42[0m
[0;31mTests Failed: 4[0m

Pass Rate: 91.3%

[1;33m==================================================================[0m
[1;33mOVERALL STATUS: ⚠ SOME TESTS FAILED[0m
[1;33m==================================================================[0m

Errors logged to: test-errors.txt
